2026-09-24T23:24:30 ERROR checkout-api POST /v2/checkout 502 30001ms upstream: db pool exhausted (in_use:5/5, waiting:79)
2026-09-24T23:24:38 WARN  checkout-api db acquire timeout after 30000ms (pool size 5)
2026-09-24T23:24:41 ERROR checkout-api POST /v2/checkout 502 30001ms upstream: db pool exhausted (in_use:5/5, waiting:135)
2026-09-24T23:24:48 ERROR checkout-api POST /v2/checkout 502 30001ms upstream: db pool exhausted (in_use:5/5, waiting:75)
2026-09-24T23:24:56 WARN  checkout-api db acquire timeout after 30000ms (pool size 5)
2026-09-24T23:25:03 WARN  checkout-api db acquire timeout after 30000ms (pool size 5)
2026-09-24T23:25:09 WARN  checkout-api db acquire timeout after 30000ms (pool size 5)
2026-09-24T23:25:17 WARN  checkout-api db acquire timeout after 30000ms (pool size 5)
2026-09-24T23:25:24 WARN  checkout-api db acquire timeout after 30000ms (pool size 5)
2026-09-24T23:25:30 WARN  checkout-api db acquire timeout after 30000ms (pool size 5)
2026-09-24T23:25:33 ERROR checkout-api POST /v2/checkout 502 30001ms upstream: db pool exhausted (in_use:5/5, waiting:128)
2026-09-24T23:25:42 ERROR checkout-api POST /v2/checkout 502 30001ms upstream: db pool exhausted (in_use:5/5, waiting:131)
2026-09-24T23:25:50 WARN  checkout-api db acquire timeout after 30000ms (pool size 5)
2026-09-24T23:25:59 ERROR checkout-api POST /v2/checkout 502 30001ms upstream: db pool exhausted (in_use:5/5, waiting:87)
2026-09-24T23:26:04 ERROR checkout-api POST /v2/checkout 502 30001ms upstream: db pool exhausted (in_use:5/5, waiting:104)
2026-09-24T23:26:12 WARN  checkout-api db acquire timeout after 30000ms (pool size 5)
2026-09-24T23:26:15 WARN  checkout-api db acquire timeout after 30000ms (pool size 5)
2026-09-24T23:26:22 WARN  checkout-api db acquire timeout after 30000ms (pool size 5)
2026-09-24T23:26:30 ERROR checkout-api POST /v2/checkout 502 30001ms upstream: db pool exhausted (in_use:5/5, waiting:41)
2026-09-24T23:26:35 ERROR checkout-api POST /v2/checkout 502 30001ms upstream: db pool exhausted (in_use:5/5, waiting:73)
2026-09-24T23:26:38 WARN  checkout-api db acquire timeout after 30000ms (pool size 5)
2026-09-24T23:26:41 ERROR checkout-api POST /v2/checkout 502 30001ms upstream: db pool exhausted (in_use:5/5, waiting:36)
2026-09-24T23:26:44 WARN  checkout-api db acquire timeout after 30000ms (pool size 5)
2026-09-24T23:26:53 ERROR checkout-api POST /v2/checkout 502 30001ms upstream: db pool exhausted (in_use:5/5, waiting:51)
2026-09-24T23:26:59 ERROR checkout-api POST /v2/checkout 502 30001ms upstream: db pool exhausted (in_use:5/5, waiting:42)
2026-09-24T23:27:02 ERROR checkout-api POST /v2/checkout 502 30001ms upstream: db pool exhausted (in_use:5/5, waiting:77)
2026-09-24T23:27:10 ERROR checkout-api POST /v2/checkout 502 30001ms upstream: db pool exhausted (in_use:5/5, waiting:108)
2026-09-24T23:27:15 ERROR checkout-api POST /v2/checkout 502 30001ms upstream: db pool exhausted (in_use:5/5, waiting:23)
2026-09-24T23:27:24 WARN  checkout-api db acquire timeout after 30000ms (pool size 5)
2026-09-24T23:27:30 ERROR checkout-api POST /v2/checkout 502 30001ms upstream: db pool exhausted (in_use:5/5, waiting:38)
2026-09-24T23:27:39 WARN  checkout-api db acquire timeout after 30000ms (pool size 5)
2026-09-24T23:27:44 ERROR checkout-api POST /v2/checkout 502 30001ms upstream: db pool exhausted (in_use:5/5, waiting:138)
2026-09-24T23:27:46 ERROR checkout-api POST /v2/checkout 502 30001ms upstream: db pool exhausted (in_use:5/5, waiting:127)
2026-09-24T23:27:53 WARN  checkout-api db acquire timeout after 30000ms (pool size 5)
2026-09-24T23:27:55 ERROR checkout-api POST /v2/checkout 502 30001ms upstream: db pool exhausted (in_use:5/5, waiting:132)
2026-09-24T23:28:00 ERROR checkout-api POST /v2/checkout 502 30001ms upstream: db pool exhausted (in_use:5/5, waiting:50)
2026-09-24T23:28:05 WARN  checkout-api db acquire timeout after 30000ms (pool size 5)
2026-09-24T23:28:07 ERROR checkout-api POST /v2/checkout 502 30001ms upstream: db pool exhausted (in_use:5/5, waiting:59)
2026-09-24T23:28:14 WARN  checkout-api db acquire timeout after 30000ms (pool size 5)
2026-09-24T23:28:20 WARN  checkout-api db acquire timeout after 30000ms (pool size 5)
2026-09-24T23:28:24 ERROR checkout-api POST /v2/checkout 502 30001ms upstream: db pool exhausted (in_use:5/5, waiting:140)
2026-09-24T23:28:33 ERROR checkout-api POST /v2/checkout 502 30001ms upstream: db pool exhausted (in_use:5/5, waiting:41)
2026-09-24T23:28:38 WARN  checkout-api db acquire timeout after 30000ms (pool size 5)
2026-09-24T23:28:41 WARN  checkout-api db acquire timeout after 30000ms (pool size 5)
2026-09-24T23:28:46 ERROR checkout-api POST /v2/checkout 502 30001ms upstream: db pool exhausted (in_use:5/5, waiting:112)
2026-09-24T23:28:51 ERROR checkout-api POST /v2/checkout 502 30001ms upstream: db pool exhausted (in_use:5/5, waiting:57)
2026-09-24T23:28:57 ERROR checkout-api POST /v2/checkout 502 30001ms upstream: db pool exhausted (in_use:5/5, waiting:104)
2026-09-24T23:29:00 ERROR checkout-api POST /v2/checkout 502 30001ms upstream: db pool exhausted (in_use:5/5, waiting:49)
2026-09-24T23:29:06 WARN  checkout-api db acquire timeout after 30000ms (pool size 5)
2026-09-24T23:29:10 ERROR checkout-api POST /v2/checkout 502 30001ms upstream: db pool exhausted (in_use:5/5, waiting:55)
2026-09-24T23:29:14 ERROR checkout-api POST /v2/checkout 502 30001ms upstream: db pool exhausted (in_use:5/5, waiting:31)
2026-09-24T23:29:23 WARN  checkout-api db acquire timeout after 30000ms (pool size 5)
2026-09-24T23:29:32 WARN  checkout-api db acquire timeout after 30000ms (pool size 5)
2026-09-24T23:29:35 ERROR checkout-api POST /v2/checkout 502 30001ms upstream: db pool exhausted (in_use:5/5, waiting:25)
2026-09-24T23:29:37 ERROR checkout-api POST /v2/checkout 502 30001ms upstream: db pool exhausted (in_use:5/5, waiting:56)
2026-09-24T23:29:43 ERROR checkout-api POST /v2/checkout 502 30001ms upstream: db pool exhausted (in_use:5/5, waiting:92)
2026-09-24T23:29:46 ERROR checkout-api POST /v2/checkout 502 30001ms upstream: db pool exhausted (in_use:5/5, waiting:116)
2026-09-24T23:29:51 ERROR checkout-api POST /v2/checkout 502 30001ms upstream: db pool exhausted (in_use:5/5, waiting:55)
2026-09-24T23:29:53 ERROR checkout-api POST /v2/checkout 502 30001ms upstream: db pool exhausted (in_use:5/5, waiting:134)
2026-09-24T23:29:57 WARN  checkout-api db acquire timeout after 30000ms (pool size 5)
2026-09-24T23:29:59 ERROR checkout-api POST /v2/checkout 502 30001ms upstream: db pool exhausted (in_use:5/5, waiting:137)
2026-09-24T23:30:07 ERROR checkout-api POST /v2/checkout 502 30001ms upstream: db pool exhausted (in_use:5/5, waiting:134)
2026-09-24T23:30:16 ERROR checkout-api POST /v2/checkout 502 30001ms upstream: db pool exhausted (in_use:5/5, waiting:28)
2026-09-24T23:30:23 ERROR checkout-api POST /v2/checkout 502 30001ms upstream: db pool exhausted (in_use:5/5, waiting:81)
2026-09-24T23:30:25 ERROR checkout-api POST /v2/checkout 502 30001ms upstream: db pool exhausted (in_use:5/5, waiting:84)
2026-09-24T23:30:29 ERROR checkout-api POST /v2/checkout 502 30001ms upstream: db pool exhausted (in_use:5/5, waiting:118)
2026-09-24T23:30:33 ERROR checkout-api POST /v2/checkout 502 30001ms upstream: db pool exhausted (in_use:5/5, waiting:75)
2026-09-24T23:30:38 ERROR checkout-api POST /v2/checkout 502 30001ms upstream: db pool exhausted (in_use:5/5, waiting:90)
2026-09-24T23:30:44 WARN  checkout-api db acquire timeout after 30000ms (pool size 5)
2026-09-24T23:30:49 ERROR checkout-api POST /v2/checkout 502 30001ms upstream: db pool exhausted (in_use:5/5, waiting:89)
2026-09-24T23:30:54 WARN  checkout-api db acquire timeout after 30000ms (pool size 5)
2026-09-24T23:31:03 ERROR checkout-api POST /v2/checkout 502 30001ms upstream: db pool exhausted (in_use:5/5, waiting:45)
2026-09-24T23:31:05 ERROR checkout-api POST /v2/checkout 502 30001ms upstream: db pool exhausted (in_use:5/5, waiting:131)
2026-09-24T23:31:09 ERROR checkout-api POST /v2/checkout 502 30001ms upstream: db pool exhausted (in_use:5/5, waiting:97)
2026-09-24T23:31:11 ERROR checkout-api POST /v2/checkout 502 30001ms upstream: db pool exhausted (in_use:5/5, waiting:123)
2026-09-24T23:31:19 ERROR checkout-api POST /v2/checkout 502 30001ms upstream: db pool exhausted (in_use:5/5, waiting:112)
2026-09-24T23:31:25 WARN  checkout-api db acquire timeout after 30000ms (pool size 5)
2026-09-24T23:31:27 ERROR checkout-api POST /v2/checkout 502 30001ms upstream: db pool exhausted (in_use:5/5, waiting:136)
2026-09-24T23:31:31 ERROR checkout-api POST /v2/checkout 502 30001ms upstream: db pool exhausted (in_use:5/5, waiting:89)
2026-09-24T23:31:36 ERROR checkout-api POST /v2/checkout 502 30001ms upstream: db pool exhausted (in_use:5/5, waiting:26)
2026-09-24T23:31:42 ERROR checkout-api POST /v2/checkout 502 30001ms upstream: db pool exhausted (in_use:5/5, waiting:109)
2026-09-24T23:31:49 WARN  checkout-api db acquire timeout after 30000ms (pool size 5)
2026-09-24T23:31:55 WARN  checkout-api db acquire timeout after 30000ms (pool size 5)
2026-09-24T23:32:04 ERROR checkout-api POST /v2/checkout 502 30001ms upstream: db pool exhausted (in_use:5/5, waiting:125)
2026-09-24T23:32:08 ERROR checkout-api POST /v2/checkout 502 30001ms upstream: db pool exhausted (in_use:5/5, waiting:51)
2026-09-24T23:32:12 ERROR checkout-api POST /v2/checkout 502 30001ms upstream: db pool exhausted (in_use:5/5, waiting:104)
2026-09-24T23:32:21 ERROR checkout-api POST /v2/checkout 502 30001ms upstream: db pool exhausted (in_use:5/5, waiting:72)
2026-09-24T23:32:30 ERROR checkout-api POST /v2/checkout 502 30001ms upstream: db pool exhausted (in_use:5/5, waiting:47)
2026-09-24T23:32:32 ERROR checkout-api POST /v2/checkout 502 30001ms upstream: db pool exhausted (in_use:5/5, waiting:116)
2026-09-24T23:32:36 ERROR checkout-api POST /v2/checkout 502 30001ms upstream: db pool exhausted (in_use:5/5, waiting:78)
2026-09-24T23:32:38 ERROR checkout-api POST /v2/checkout 502 30001ms upstream: db pool exhausted (in_use:5/5, waiting:72)
2026-09-24T23:32:42 ERROR checkout-api POST /v2/checkout 502 30001ms upstream: db pool exhausted (in_use:5/5, waiting:91)
2026-09-24T23:32:48 ERROR checkout-api POST /v2/checkout 502 30001ms upstream: db pool exhausted (in_use:5/5, waiting:139)
2026-09-24T23:32:51 WARN  checkout-api db acquire timeout after 30000ms (pool size 5)
2026-09-24T23:32:56 ERROR checkout-api POST /v2/checkout 502 30001ms upstream: db pool exhausted (in_use:5/5, waiting:35)
2026-09-24T23:33:01 ERROR checkout-api POST /v2/checkout 502 30001ms upstream: db pool exhausted (in_use:5/5, waiting:31)
2026-09-24T23:33:06 ERROR checkout-api POST /v2/checkout 502 30001ms upstream: db pool exhausted (in_use:5/5, waiting:63)
2026-09-24T23:33:11 ERROR checkout-api POST /v2/checkout 502 30001ms upstream: db pool exhausted (in_use:5/5, waiting:71)
2026-09-24T23:33:13 WARN  checkout-api db acquire timeout after 30000ms (pool size 5)
2026-09-24T23:33:17 ERROR checkout-api POST /v2/checkout 502 30001ms upstream: db pool exhausted (in_use:5/5, waiting:70)
2026-09-24T23:33:22 ERROR checkout-api POST /v2/checkout 502 30001ms upstream: db pool exhausted (in_use:5/5, waiting:120)
2026-09-24T23:33:24 ERROR checkout-api POST /v2/checkout 502 30001ms upstream: db pool exhausted (in_use:5/5, waiting:64)
2026-09-24T23:33:29 ERROR checkout-api POST /v2/checkout 502 30001ms upstream: db pool exhausted (in_use:5/5, waiting:90)
2026-09-24T23:33:33 ERROR checkout-api POST /v2/checkout 502 30001ms upstream: db pool exhausted (in_use:5/5, waiting:71)
2026-09-24T23:33:38 ERROR checkout-api POST /v2/checkout 502 30001ms upstream: db pool exhausted (in_use:5/5, waiting:117)
2026-09-24T23:33:44 ERROR checkout-api POST /v2/checkout 502 30001ms upstream: db pool exhausted (in_use:5/5, waiting:82)
2026-09-24T23:33:48 WARN  checkout-api db acquire timeout after 30000ms (pool size 5)
2026-09-24T23:33:53 ERROR checkout-api POST /v2/checkout 502 30001ms upstream: db pool exhausted (in_use:5/5, waiting:73)
2026-09-24T23:33:56 ERROR checkout-api POST /v2/checkout 502 30001ms upstream: db pool exhausted (in_use:5/5, waiting:55)
2026-09-24T23:34:03 WARN  checkout-api db acquire timeout after 30000ms (pool size 5)
2026-09-24T23:34:05 ERROR checkout-api POST /v2/checkout 502 30001ms upstream: db pool exhausted (in_use:5/5, waiting:114)
2026-09-24T23:34:11 ERROR checkout-api POST /v2/checkout 502 30001ms upstream: db pool exhausted (in_use:5/5, waiting:92)
2026-09-24T23:34:16 ERROR checkout-api POST /v2/checkout 502 30001ms upstream: db pool exhausted (in_use:5/5, waiting:66)
2026-09-24T23:34:18 ERROR checkout-api POST /v2/checkout 502 30001ms upstream: db pool exhausted (in_use:5/5, waiting:139)
2026-09-24T23:34:25 ERROR checkout-api POST /v2/checkout 502 30001ms upstream: db pool exhausted (in_use:5/5, waiting:50)
2026-09-24T23:34:28 ERROR checkout-api POST /v2/checkout 502 30001ms upstream: db pool exhausted (in_use:5/5, waiting:61)
2026-09-24T23:34:36 ERROR checkout-api POST /v2/checkout 502 30001ms upstream: db pool exhausted (in_use:5/5, waiting:129)
2026-09-24T23:34:44 ERROR checkout-api POST /v2/checkout 502 30001ms upstream: db pool exhausted (in_use:5/5, waiting:118)
2026-09-24T23:34:46 ERROR checkout-api POST /v2/checkout 502 30001ms upstream: db pool exhausted (in_use:5/5, waiting:97)
2026-09-24T23:34:51 ERROR checkout-api POST /v2/checkout 502 30001ms upstream: db pool exhausted (in_use:5/5, waiting:44)
2026-09-24T23:34:55 ERROR checkout-api POST /v2/checkout 502 30001ms upstream: db pool exhausted (in_use:5/5, waiting:36)
2026-09-24T23:34:57 ERROR checkout-api POST /v2/checkout 502 30001ms upstream: db pool exhausted (in_use:5/5, waiting:72)
2026-09-24T23:35:05 ERROR checkout-api POST /v2/checkout 502 30001ms upstream: db pool exhausted (in_use:5/5, waiting:108)
2026-09-24T23:35:09 ERROR checkout-api POST /v2/checkout 502 30001ms upstream: db pool exhausted (in_use:5/5, waiting:90)
2026-09-24T23:35:15 ERROR checkout-api POST /v2/checkout 502 30001ms upstream: db pool exhausted (in_use:5/5, waiting:77)
2026-09-24T23:35:23 ERROR checkout-api POST /v2/checkout 502 30001ms upstream: db pool exhausted (in_use:5/5, waiting:46)
2026-09-24T23:35:29 ERROR checkout-api POST /v2/checkout 502 30001ms upstream: db pool exhausted (in_use:5/5, waiting:77)
2026-09-24T23:35:37 ERROR checkout-api POST /v2/checkout 502 30001ms upstream: db pool exhausted (in_use:5/5, waiting:86)
2026-09-24T23:35:44 ERROR checkout-api POST /v2/checkout 502 30001ms upstream: db pool exhausted (in_use:5/5, waiting:57)
2026-09-24T23:35:51 ERROR checkout-api POST /v2/checkout 502 30001ms upstream: db pool exhausted (in_use:5/5, waiting:47)
2026-09-24T23:35:55 ERROR checkout-api POST /v2/checkout 502 30001ms upstream: db pool exhausted (in_use:5/5, waiting:23)
2026-09-24T23:36:04 ERROR checkout-api POST /v2/checkout 502 30001ms upstream: db pool exhausted (in_use:5/5, waiting:123)
2026-09-24T23:36:10 ERROR checkout-api POST /v2/checkout 502 30001ms upstream: db pool exhausted (in_use:5/5, waiting:28)
2026-09-24T23:36:15 ERROR checkout-api POST /v2/checkout 502 30001ms upstream: db pool exhausted (in_use:5/5, waiting:65)
2026-09-24T23:36:18 WARN  checkout-api db acquire timeout after 30000ms (pool size 5)
2026-09-24T23:36:25 ERROR checkout-api POST /v2/checkout 502 30001ms upstream: db pool exhausted (in_use:5/5, waiting:100)
2026-09-24T23:36:31 ERROR checkout-api POST /v2/checkout 502 30001ms upstream: db pool exhausted (in_use:5/5, waiting:74)
2026-09-24T23:36:34 ERROR checkout-api POST /v2/checkout 502 30001ms upstream: db pool exhausted (in_use:5/5, waiting:27)
2026-09-24T23:36:43 ERROR checkout-api POST /v2/checkout 502 30001ms upstream: db pool exhausted (in_use:5/5, waiting:62)
2026-09-24T23:36:49 ERROR checkout-api POST /v2/checkout 502 30001ms upstream: db pool exhausted (in_use:5/5, waiting:55)
2026-09-24T23:36:54 ERROR checkout-api POST /v2/checkout 502 30001ms upstream: db pool exhausted (in_use:5/5, waiting:71)
2026-09-24T23:36:59 ERROR checkout-api POST /v2/checkout 502 30001ms upstream: db pool exhausted (in_use:5/5, waiting:41)
2026-09-24T23:37:06 ERROR checkout-api POST /v2/checkout 502 30001ms upstream: db pool exhausted (in_use:5/5, waiting:50)
2026-09-24T23:37:09 WARN  checkout-api db acquire timeout after 30000ms (pool size 5)
2026-09-24T23:37:17 WARN  checkout-api db acquire timeout after 30000ms (pool size 5)
2026-09-24T23:37:26 ERROR checkout-api POST /v2/checkout 502 30001ms upstream: db pool exhausted (in_use:5/5, waiting:109)
2026-09-24T23:37:32 WARN  checkout-api db acquire timeout after 30000ms (pool size 5)
2026-09-24T23:37:34 WARN  checkout-api db acquire timeout after 30000ms (pool size 5)
2026-09-24T23:37:37 ERROR checkout-api POST /v2/checkout 502 30001ms upstream: db pool exhausted (in_use:5/5, waiting:28)
2026-09-24T23:37:45 ERROR checkout-api POST /v2/checkout 502 30001ms upstream: db pool exhausted (in_use:5/5, waiting:68)
2026-09-24T23:37:54 WARN  checkout-api db acquire timeout after 30000ms (pool size 5)
2026-09-24T23:38:00 ERROR checkout-api POST /v2/checkout 502 30001ms upstream: db pool exhausted (in_use:5/5, waiting:61)
2026-09-24T23:38:06 ERROR checkout-api POST /v2/checkout 502 30001ms upstream: db pool exhausted (in_use:5/5, waiting:24)
2026-09-24T23:38:13 ERROR checkout-api POST /v2/checkout 502 30001ms upstream: db pool exhausted (in_use:5/5, waiting:67)
2026-09-24T23:38:19 ERROR checkout-api POST /v2/checkout 502 30001ms upstream: db pool exhausted (in_use:5/5, waiting:105)
2026-09-24T23:38:23 ERROR checkout-api POST /v2/checkout 502 30001ms upstream: db pool exhausted (in_use:5/5, waiting:69)
2026-09-24T23:38:30 WARN  checkout-api db acquire timeout after 30000ms (pool size 5)
2026-09-24T23:38:37 ERROR checkout-api POST /v2/checkout 502 30001ms upstream: db pool exhausted (in_use:5/5, waiting:110)
2026-09-24T23:38:42 WARN  checkout-api db acquire timeout after 30000ms (pool size 5)
2026-09-24T23:38:44 ERROR checkout-api POST /v2/checkout 502 30001ms upstream: db pool exhausted (in_use:5/5, waiting:72)
2026-09-24T23:38:52 ERROR checkout-api POST /v2/checkout 502 30001ms upstream: db pool exhausted (in_use:5/5, waiting:28)
2026-09-24T23:39:01 WARN  checkout-api db acquire timeout after 30000ms (pool size 5)
2026-09-24T23:39:09 WARN  checkout-api db acquire timeout after 30000ms (pool size 5)
2026-09-24T23:39:17 ERROR checkout-api POST /v2/checkout 502 30001ms upstream: db pool exhausted (in_use:5/5, waiting:37)
2026-09-24T23:39:23 ERROR checkout-api POST /v2/checkout 502 30001ms upstream: db pool exhausted (in_use:5/5, waiting:66)
2026-09-24T23:39:32 WARN  checkout-api db acquire timeout after 30000ms (pool size 5)
2026-09-24T23:39:36 ERROR checkout-api POST /v2/checkout 502 30001ms upstream: db pool exhausted (in_use:5/5, waiting:54)
2026-09-24T23:39:41 ERROR checkout-api POST /v2/checkout 502 30001ms upstream: db pool exhausted (in_use:5/5, waiting:48)
2026-09-24T23:39:46 ERROR checkout-api POST /v2/checkout 502 30001ms upstream: db pool exhausted (in_use:5/5, waiting:138)
2026-09-24T23:39:54 ERROR checkout-api POST /v2/checkout 502 30001ms upstream: db pool exhausted (in_use:5/5, waiting:90)
2026-09-24T23:40:03 WARN  checkout-api db acquire timeout after 30000ms (pool size 5)
2026-09-24T23:40:06 ERROR checkout-api POST /v2/checkout 502 30001ms upstream: db pool exhausted (in_use:5/5, waiting:91)
2026-09-24T23:40:13 ERROR checkout-api POST /v2/checkout 502 30001ms upstream: db pool exhausted (in_use:5/5, waiting:33)
2026-09-24T23:40:15 ERROR checkout-api POST /v2/checkout 502 30001ms upstream: db pool exhausted (in_use:5/5, waiting:111)
2026-09-24T23:40:20 ERROR checkout-api POST /v2/checkout 502 30001ms upstream: db pool exhausted (in_use:5/5, waiting:107)
2026-09-24T23:40:24 WARN  checkout-api db acquire timeout after 30000ms (pool size 5)
2026-09-24T23:40:28 ERROR checkout-api POST /v2/checkout 502 30001ms upstream: db pool exhausted (in_use:5/5, waiting:99)
2026-09-24T23:40:37 WARN  checkout-api db acquire timeout after 30000ms (pool size 5)
2026-09-24T23:40:43 ERROR checkout-api POST /v2/checkout 502 30001ms upstream: db pool exhausted (in_use:5/5, waiting:56)
2026-09-24T23:40:50 WARN  checkout-api db acquire timeout after 30000ms (pool size 5)
2026-09-24T23:40:59 ERROR checkout-api POST /v2/checkout 502 30001ms upstream: db pool exhausted (in_use:5/5, waiting:51)
2026-09-24T23:41:06 ERROR checkout-api POST /v2/checkout 502 30001ms upstream: db pool exhausted (in_use:5/5, waiting:42)
2026-09-24T23:41:10 WARN  checkout-api db acquire timeout after 30000ms (pool size 5)
2026-09-24T23:41:13 WARN  checkout-api db acquire timeout after 30000ms (pool size 5)
2026-09-24T23:41:19 ERROR checkout-api POST /v2/checkout 502 30001ms upstream: db pool exhausted (in_use:5/5, waiting:77)
2026-09-24T23:41:28 ERROR checkout-api POST /v2/checkout 502 30001ms upstream: db pool exhausted (in_use:5/5, waiting:99)
2026-09-24T23:41:36 WARN  checkout-api db acquire timeout after 30000ms (pool size 5)
2026-09-24T23:41:38 ERROR checkout-api POST /v2/checkout 502 30001ms upstream: db pool exhausted (in_use:5/5, waiting:70)
2026-09-24T23:41:46 ERROR checkout-api POST /v2/checkout 502 30001ms upstream: db pool exhausted (in_use:5/5, waiting:101)
2026-09-24T23:41:52 ERROR checkout-api POST /v2/checkout 502 30001ms upstream: db pool exhausted (in_use:5/5, waiting:107)
2026-09-24T23:41:59 ERROR checkout-api POST /v2/checkout 502 30001ms upstream: db pool exhausted (in_use:5/5, waiting:129)
2026-09-24T23:42:04 WARN  checkout-api db acquire timeout after 30000ms (pool size 5)
2026-09-24T23:42:08 ERROR checkout-api POST /v2/checkout 502 30001ms upstream: db pool exhausted (in_use:5/5, waiting:73)
2026-09-24T23:42:12 ERROR checkout-api POST /v2/checkout 502 30001ms upstream: db pool exhausted (in_use:5/5, waiting:126)
2026-09-24T23:42:18 WARN  checkout-api db acquire timeout after 30000ms (pool size 5)
2026-09-24T23:42:22 ERROR checkout-api POST /v2/checkout 502 30001ms upstream: db pool exhausted (in_use:5/5, waiting:99)
2026-09-24T23:42:28 ERROR checkout-api POST /v2/checkout 502 30001ms upstream: db pool exhausted (in_use:5/5, waiting:43)
2026-09-24T23:42:30 ERROR checkout-api POST /v2/checkout 502 30001ms upstream: db pool exhausted (in_use:5/5, waiting:108)
2026-09-24T23:42:34 ERROR checkout-api POST /v2/checkout 502 30001ms upstream: db pool exhausted (in_use:5/5, waiting:54)
2026-09-24T23:42:42 ERROR checkout-api POST /v2/checkout 502 30001ms upstream: db pool exhausted (in_use:5/5, waiting:105)
2026-09-24T23:42:50 ERROR checkout-api POST /v2/checkout 502 30001ms upstream: db pool exhausted (in_use:5/5, waiting:106)
2026-09-24T23:42:54 ERROR checkout-api POST /v2/checkout 502 30001ms upstream: db pool exhausted (in_use:5/5, waiting:111)
2026-09-24T23:42:57 WARN  checkout-api db acquire timeout after 30000ms (pool size 5)
2026-09-24T23:43:02 ERROR checkout-api POST /v2/checkout 502 30001ms upstream: db pool exhausted (in_use:5/5, waiting:113)
2026-09-24T23:43:05 ERROR checkout-api POST /v2/checkout 502 30001ms upstream: db pool exhausted (in_use:5/5, waiting:135)
2026-09-24T23:43:07 WARN  checkout-api db acquire timeout after 30000ms (pool size 5)
2026-09-24T23:43:16 ERROR checkout-api POST /v2/checkout 502 30001ms upstream: db pool exhausted (in_use:5/5, waiting:28)
2026-09-24T23:43:22 ERROR checkout-api POST /v2/checkout 502 30001ms upstream: db pool exhausted (in_use:5/5, waiting:131)
2026-09-24T23:43:28 ERROR checkout-api POST /v2/checkout 502 30001ms upstream: db pool exhausted (in_use:5/5, waiting:112)
2026-09-24T23:43:36 WARN  checkout-api db acquire timeout after 30000ms (pool size 5)
2026-09-24T23:43:44 ERROR checkout-api POST /v2/checkout 502 30001ms upstream: db pool exhausted (in_use:5/5, waiting:47)
2026-09-24T23:43:50 WARN  checkout-api db acquire timeout after 30000ms (pool size 5)
2026-09-24T23:43:54 ERROR checkout-api POST /v2/checkout 502 30001ms upstream: db pool exhausted (in_use:5/5, waiting:126)
2026-09-24T23:43:57 ERROR checkout-api POST /v2/checkout 502 30001ms upstream: db pool exhausted (in_use:5/5, waiting:134)
2026-09-24T23:44:03 WARN  checkout-api db acquire timeout after 30000ms (pool size 5)
2026-09-24T23:44:11 ERROR checkout-api POST /v2/checkout 502 30001ms upstream: db pool exhausted (in_use:5/5, waiting:61)
2026-09-24T23:44:13 ERROR checkout-api POST /v2/checkout 502 30001ms upstream: db pool exhausted (in_use:5/5, waiting:92)
2026-09-24T23:44:17 ERROR checkout-api POST /v2/checkout 502 30001ms upstream: db pool exhausted (in_use:5/5, waiting:71)
2026-09-24T23:44:23 ERROR checkout-api POST /v2/checkout 502 30001ms upstream: db pool exhausted (in_use:5/5, waiting:30)
2026-09-24T23:44:32 ERROR checkout-api POST /v2/checkout 502 30001ms upstream: db pool exhausted (in_use:5/5, waiting:90)
2026-09-24T23:44:38 ERROR checkout-api POST /v2/checkout 502 30001ms upstream: db pool exhausted (in_use:5/5, waiting:39)
2026-09-24T23:44:41 ERROR checkout-api POST /v2/checkout 502 30001ms upstream: db pool exhausted (in_use:5/5, waiting:117)
2026-09-24T23:44:47 ERROR checkout-api POST /v2/checkout 502 30001ms upstream: db pool exhausted (in_use:5/5, waiting:20)
2026-09-24T23:44:51 ERROR checkout-api POST /v2/checkout 502 30001ms upstream: db pool exhausted (in_use:5/5, waiting:37)
2026-09-24T23:44:56 WARN  checkout-api db acquire timeout after 30000ms (pool size 5)
2026-09-24T23:45:04 ERROR checkout-api POST /v2/checkout 502 30001ms upstream: db pool exhausted (in_use:5/5, waiting:73)
2026-09-24T23:45:11 WARN  checkout-api db acquire timeout after 30000ms (pool size 5)
2026-09-24T23:45:19 ERROR checkout-api POST /v2/checkout 502 30001ms upstream: db pool exhausted (in_use:5/5, waiting:47)
2026-09-24T23:45:25 ERROR checkout-api POST /v2/checkout 502 30001ms upstream: db pool exhausted (in_use:5/5, waiting:140)
2026-09-24T23:45:31 WARN  checkout-api db acquire timeout after 30000ms (pool size 5)
2026-09-24T23:45:40 ERROR checkout-api POST /v2/checkout 502 30001ms upstream: db pool exhausted (in_use:5/5, waiting:140)
2026-09-24T23:45:42 ERROR checkout-api POST /v2/checkout 502 30001ms upstream: db pool exhausted (in_use:5/5, waiting:23)
2026-09-24T23:45:46 ERROR checkout-api POST /v2/checkout 502 30001ms upstream: db pool exhausted (in_use:5/5, waiting:106)
2026-09-24T23:45:49 ERROR checkout-api POST /v2/checkout 502 30001ms upstream: db pool exhausted (in_use:5/5, waiting:23)
2026-09-24T23:45:55 ERROR checkout-api POST /v2/checkout 502 30001ms upstream: db pool exhausted (in_use:5/5, waiting:79)
2026-09-24T23:45:57 WARN  checkout-api db acquire timeout after 30000ms (pool size 5)
2026-09-24T23:46:00 WARN  checkout-api db acquire timeout after 30000ms (pool size 5)
2026-09-24T23:46:02 WARN  checkout-api db acquire timeout after 30000ms (pool size 5)
2026-09-24T23:46:08 WARN  checkout-api db acquire timeout after 30000ms (pool size 5)
2026-09-24T23:46:17 ERROR checkout-api POST /v2/checkout 502 30001ms upstream: db pool exhausted (in_use:5/5, waiting:122)
2026-09-24T23:46:20 WARN  checkout-api db acquire timeout after 30000ms (pool size 5)
2026-09-24T23:46:29 ERROR checkout-api POST /v2/checkout 502 30001ms upstream: db pool exhausted (in_use:5/5, waiting:110)
2026-09-24T23:46:37 ERROR checkout-api POST /v2/checkout 502 30001ms upstream: db pool exhausted (in_use:5/5, waiting:136)
2026-09-24T23:46:39 ERROR checkout-api POST /v2/checkout 502 30001ms upstream: db pool exhausted (in_use:5/5, waiting:38)
2026-09-24T23:46:44 ERROR checkout-api POST /v2/checkout 502 30001ms upstream: db pool exhausted (in_use:5/5, waiting:112)
2026-09-24T23:46:51 ERROR checkout-api POST /v2/checkout 502 30001ms upstream: db pool exhausted (in_use:5/5, waiting:55)
2026-09-24T23:46:58 ERROR checkout-api POST /v2/checkout 502 30001ms upstream: db pool exhausted (in_use:5/5, waiting:77)
2026-09-24T23:47:05 ERROR checkout-api POST /v2/checkout 502 30001ms upstream: db pool exhausted (in_use:5/5, waiting:28)
2026-09-24T23:47:12 ERROR checkout-api POST /v2/checkout 502 30001ms upstream: db pool exhausted (in_use:5/5, waiting:53)
2026-09-24T23:47:19 ERROR checkout-api POST /v2/checkout 502 30001ms upstream: db pool exhausted (in_use:5/5, waiting:43)
2026-09-24T23:47:24 ERROR checkout-api POST /v2/checkout 502 30001ms upstream: db pool exhausted (in_use:5/5, waiting:36)
2026-09-24T23:47:30 ERROR checkout-api POST /v2/checkout 502 30001ms upstream: db pool exhausted (in_use:5/5, waiting:42)
2026-09-24T23:47:37 ERROR checkout-api POST /v2/checkout 502 30001ms upstream: db pool exhausted (in_use:5/5, waiting:38)
2026-09-24T23:47:44 ERROR checkout-api POST /v2/checkout 502 30001ms upstream: db pool exhausted (in_use:5/5, waiting:75)
2026-09-24T23:47:46 ERROR checkout-api POST /v2/checkout 502 30001ms upstream: db pool exhausted (in_use:5/5, waiting:84)
2026-09-24T23:47:48 ERROR checkout-api POST /v2/checkout 502 30001ms upstream: db pool exhausted (in_use:5/5, waiting:61)
2026-09-24T23:47:53 ERROR checkout-api POST /v2/checkout 502 30001ms upstream: db pool exhausted (in_use:5/5, waiting:42)
2026-09-24T23:48:00 ERROR checkout-api POST /v2/checkout 502 30001ms upstream: db pool exhausted (in_use:5/5, waiting:95)
2026-09-24T23:48:03 ERROR checkout-api POST /v2/checkout 502 30001ms upstream: db pool exhausted (in_use:5/5, waiting:61)
2026-09-24T23:48:11 ERROR checkout-api POST /v2/checkout 502 30001ms upstream: db pool exhausted (in_use:5/5, waiting:140)
2026-09-24T23:48:16 ERROR checkout-api POST /v2/checkout 502 30001ms upstream: db pool exhausted (in_use:5/5, waiting:119)
2026-09-24T23:48:20 WARN  checkout-api db acquire timeout after 30000ms (pool size 5)
2026-09-24T23:48:23 ERROR checkout-api POST /v2/checkout 502 30001ms upstream: db pool exhausted (in_use:5/5, waiting:137)
2026-09-24T23:48:30 WARN  checkout-api db acquire timeout after 30000ms (pool size 5)
2026-09-24T23:48:37 ERROR checkout-api POST /v2/checkout 502 30001ms upstream: db pool exhausted (in_use:5/5, waiting:21)
2026-09-24T23:48:41 WARN  checkout-api db acquire timeout after 30000ms (pool size 5)
2026-09-24T23:48:49 WARN  checkout-api db acquire timeout after 30000ms (pool size 5)
2026-09-24T23:48:51 ERROR checkout-api POST /v2/checkout 502 30001ms upstream: db pool exhausted (in_use:5/5, waiting:98)
2026-09-24T23:48:58 WARN  checkout-api db acquire timeout after 30000ms (pool size 5)
2026-09-24T23:49:06 ERROR checkout-api POST /v2/checkout 502 30001ms upstream: db pool exhausted (in_use:5/5, waiting:92)
2026-09-24T23:49:09 ERROR checkout-api POST /v2/checkout 502 30001ms upstream: db pool exhausted (in_use:5/5, waiting:114)
2026-09-24T23:49:18 ERROR checkout-api POST /v2/checkout 502 30001ms upstream: db pool exhausted (in_use:5/5, waiting:79)
2026-09-24T23:49:26 WARN  checkout-api db acquire timeout after 30000ms (pool size 5)
2026-09-24T23:49:31 ERROR checkout-api POST /v2/checkout 502 30001ms upstream: db pool exhausted (in_use:5/5, waiting:89)
2026-09-24T23:49:33 ERROR checkout-api POST /v2/checkout 502 30001ms upstream: db pool exhausted (in_use:5/5, waiting:24)
2026-09-24T23:49:42 ERROR checkout-api POST /v2/checkout 502 30001ms upstream: db pool exhausted (in_use:5/5, waiting:95)
2026-09-24T23:49:44 ERROR checkout-api POST /v2/checkout 502 30001ms upstream: db pool exhausted (in_use:5/5, waiting:139)
2026-09-24T23:49:51 ERROR checkout-api POST /v2/checkout 502 30001ms upstream: db pool exhausted (in_use:5/5, waiting:79)
2026-09-24T23:49:58 WARN  checkout-api db acquire timeout after 30000ms (pool size 5)
2026-09-24T23:50:05 ERROR checkout-api POST /v2/checkout 502 30001ms upstream: db pool exhausted (in_use:5/5, waiting:80)
2026-09-24T23:50:13 ERROR checkout-api POST /v2/checkout 502 30001ms upstream: db pool exhausted (in_use:5/5, waiting:36)
2026-09-24T23:50:22 ERROR checkout-api POST /v2/checkout 502 30001ms upstream: db pool exhausted (in_use:5/5, waiting:43)
2026-09-24T23:50:26 WARN  checkout-api db acquire timeout after 30000ms (pool size 5)
2026-09-24T23:50:29 ERROR checkout-api POST /v2/checkout 502 30001ms upstream: db pool exhausted (in_use:5/5, waiting:53)
2026-09-24T23:50:32 ERROR checkout-api POST /v2/checkout 502 30001ms upstream: db pool exhausted (in_use:5/5, waiting:24)
2026-09-24T23:50:39 ERROR checkout-api POST /v2/checkout 502 30001ms upstream: db pool exhausted (in_use:5/5, waiting:123)
2026-09-24T23:50:46 ERROR checkout-api POST /v2/checkout 502 30001ms upstream: db pool exhausted (in_use:5/5, waiting:88)
2026-09-24T23:50:48 WARN  checkout-api db acquire timeout after 30000ms (pool size 5)
2026-09-24T23:50:53 ERROR checkout-api POST /v2/checkout 502 30001ms upstream: db pool exhausted (in_use:5/5, waiting:102)
2026-09-24T23:50:58 ERROR checkout-api POST /v2/checkout 502 30001ms upstream: db pool exhausted (in_use:5/5, waiting:91)
2026-09-24T23:51:07 WARN  checkout-api db acquire timeout after 30000ms (pool size 5)
2026-09-24T23:51:16 WARN  checkout-api db acquire timeout after 30000ms (pool size 5)
2026-09-24T23:51:19 WARN  checkout-api db acquire timeout after 30000ms (pool size 5)
2026-09-24T23:51:21 WARN  checkout-api db acquire timeout after 30000ms (pool size 5)
2026-09-24T23:51:24 WARN  checkout-api db acquire timeout after 30000ms (pool size 5)
2026-09-24T23:51:28 WARN  checkout-api db acquire timeout after 30000ms (pool size 5)
2026-09-24T23:51:32 ERROR checkout-api POST /v2/checkout 502 30001ms upstream: db pool exhausted (in_use:5/5, waiting:24)
2026-09-24T23:51:39 WARN  checkout-api db acquire timeout after 30000ms (pool size 5)
2026-09-24T23:51:44 WARN  checkout-api db acquire timeout after 30000ms (pool size 5)
2026-09-24T23:51:47 ERROR checkout-api POST /v2/checkout 502 30001ms upstream: db pool exhausted (in_use:5/5, waiting:98)
2026-09-24T23:51:55 ERROR checkout-api POST /v2/checkout 502 30001ms upstream: db pool exhausted (in_use:5/5, waiting:107)
2026-09-24T23:52:04 WARN  checkout-api db acquire timeout after 30000ms (pool size 5)
2026-09-24T23:52:07 ERROR checkout-api POST /v2/checkout 502 30001ms upstream: db pool exhausted (in_use:5/5, waiting:103)
2026-09-24T23:52:10 INFO  checkout-api shutting down (SIGTERM)
2026-09-24T23:52:41 INFO  checkout-api started, config=/etc/checkout/checkout.env pool_size=5
2026-09-24T23:52:50 INFO  checkout-api POST /v2/checkout 200 108ms pool=in_use:3/5
2026-09-24T23:52:57 INFO  checkout-api POST /v2/checkout 200 111ms pool=in_use:4/5
2026-09-24T23:53:07 INFO  checkout-api POST /v2/checkout 200 41ms pool=in_use:3/5
2026-09-24T23:53:16 INFO  checkout-api POST /v2/checkout 200 148ms pool=in_use:3/5
2026-09-24T23:53:30 INFO  checkout-api POST /v2/checkout 200 117ms pool=in_use:2/5
2026-09-24T23:53:37 INFO  checkout-api POST /v2/checkout 200 63ms pool=in_use:2/5
2026-09-24T23:53:43 INFO  checkout-api POST /v2/checkout 200 128ms pool=in_use:4/5
2026-09-24T23:53:47 INFO  checkout-api POST /v2/checkout 200 56ms pool=in_use:3/5
2026-09-24T23:53:52 INFO  checkout-api POST /v2/checkout 200 73ms pool=in_use:3/5
2026-09-24T23:54:05 INFO  checkout-api POST /v2/checkout 200 119ms pool=in_use:3/5
2026-09-24T23:54:13 INFO  checkout-api POST /v2/checkout 200 65ms pool=in_use:1/5
2026-09-24T23:54:18 INFO  checkout-api POST /v2/checkout 200 128ms pool=in_use:2/5
2026-09-24T23:54:27 INFO  checkout-api POST /v2/checkout 200 151ms pool=in_use:3/5
2026-09-24T23:54:37 INFO  checkout-api POST /v2/checkout 200 65ms pool=in_use:2/5
2026-09-24T23:54:42 INFO  checkout-api POST /v2/checkout 200 120ms pool=in_use:3/5
2026-09-24T23:54:52 INFO  checkout-api POST /v2/checkout 200 87ms pool=in_use:4/5
2026-09-24T23:55:00 INFO  checkout-api POST /v2/checkout 200 98ms pool=in_use:2/5
2026-09-24T23:55:12 INFO  checkout-api POST /v2/checkout 200 55ms pool=in_use:1/5
2026-09-24T23:55:21 INFO  checkout-api POST /v2/checkout 200 105ms pool=in_use:4/5
2026-09-24T23:55:28 INFO  checkout-api POST /v2/checkout 200 103ms pool=in_use:1/5
2026-09-24T23:55:36 INFO  checkout-api POST /v2/checkout 200 55ms pool=in_use:3/5
2026-09-24T23:55:41 INFO  checkout-api POST /v2/checkout 200 126ms pool=in_use:4/5
2026-09-24T23:55:48 INFO  checkout-api POST /v2/checkout 200 159ms pool=in_use:4/5
2026-09-24T23:55:58 INFO  checkout-api POST /v2/checkout 200 65ms pool=in_use:4/5
2026-09-24T23:56:11 INFO  checkout-api POST /v2/checkout 200 68ms pool=in_use:4/5
2026-09-24T23:56:25 INFO  checkout-api POST /v2/checkout 200 48ms pool=in_use:3/5
2026-09-24T23:56:35 INFO  checkout-api POST /v2/checkout 200 82ms pool=in_use:3/5
2026-09-24T23:56:48 INFO  checkout-api POST /v2/checkout 200 96ms pool=in_use:3/5
2026-09-24T23:56:56 INFO  checkout-api POST /v2/checkout 200 124ms pool=in_use:1/5
2026-09-24T23:57:10 INFO  checkout-api POST /v2/checkout 200 118ms pool=in_use:2/5
2026-09-24T23:57:14 INFO  checkout-api POST /v2/checkout 200 92ms pool=in_use:3/5
2026-09-24T23:57:20 INFO  checkout-api POST /v2/checkout 200 115ms pool=in_use:3/5
2026-09-24T23:57:30 INFO  checkout-api POST /v2/checkout 200 93ms pool=in_use:3/5
2026-09-24T23:57:39 INFO  checkout-api POST /v2/checkout 200 53ms pool=in_use:1/5
2026-09-24T23:57:51 INFO  checkout-api POST /v2/checkout 200 124ms pool=in_use:1/5
2026-09-24T23:58:02 INFO  checkout-api POST /v2/checkout 200 154ms pool=in_use:2/5
2026-09-24T23:58:07 INFO  checkout-api POST /v2/checkout 200 141ms pool=in_use:3/5
2026-09-24T23:58:11 INFO  checkout-api POST /v2/checkout 200 87ms pool=in_use:1/5
2026-09-24T23:58:24 INFO  checkout-api POST /v2/checkout 200 125ms pool=in_use:3/5
2026-09-24T23:58:28 INFO  checkout-api POST /v2/checkout 200 125ms pool=in_use:2/5
2026-09-24T23:58:39 INFO  checkout-api POST /v2/checkout 200 49ms pool=in_use:3/5
2026-09-24T23:58:45 INFO  checkout-api POST /v2/checkout 200 99ms pool=in_use:3/5
2026-09-24T23:58:56 INFO  checkout-api POST /v2/checkout 200 125ms pool=in_use:1/5
2026-09-24T23:59:03 INFO  checkout-api POST /v2/checkout 200 42ms pool=in_use:4/5
2026-09-24T23:59:13 INFO  checkout-api POST /v2/checkout 200 146ms pool=in_use:2/5
2026-09-24T23:59:27 INFO  checkout-api POST /v2/checkout 200 109ms pool=in_use:1/5
2026-09-24T23:59:31 INFO  checkout-api POST /v2/checkout 200 48ms pool=in_use:4/5
2026-09-24T23:59:45 INFO  checkout-api POST /v2/checkout 200 91ms pool=in_use:2/5
2026-09-24T23:59:57 INFO  checkout-api POST /v2/checkout 200 114ms pool=in_use:2/5
2026-09-25T00:00:08 INFO  checkout-api POST /v2/checkout 200 87ms pool=in_use:2/5
2026-09-25T00:00:20 INFO  checkout-api POST /v2/checkout 200 90ms pool=in_use:1/5
2026-09-25T00:00:25 INFO  checkout-api POST /v2/checkout 200 40ms pool=in_use:2/5
2026-09-25T00:00:39 INFO  checkout-api POST /v2/checkout 200 129ms pool=in_use:3/5
2026-09-25T00:00:53 INFO  checkout-api POST /v2/checkout 200 143ms pool=in_use:4/5
2026-09-25T00:00:58 INFO  checkout-api POST /v2/checkout 200 95ms pool=in_use:4/5
2026-09-25T00:01:04 INFO  checkout-api POST /v2/checkout 200 42ms pool=in_use:3/5
2026-09-25T00:01:13 INFO  checkout-api POST /v2/checkout 200 160ms pool=in_use:1/5
2026-09-25T00:01:18 INFO  checkout-api POST /v2/checkout 200 84ms pool=in_use:4/5
2026-09-25T00:01:30 INFO  checkout-api POST /v2/checkout 200 111ms pool=in_use:1/5
2026-09-25T00:01:35 INFO  checkout-api POST /v2/checkout 200 78ms pool=in_use:1/5
2026-09-25T00:01:40 INFO  checkout-api POST /v2/checkout 200 112ms pool=in_use:2/5
2026-09-25T00:01:46 INFO  checkout-api POST /v2/checkout 200 124ms pool=in_use:1/5
2026-09-25T00:01:58 INFO  checkout-api POST /v2/checkout 200 105ms pool=in_use:3/5
2026-09-25T00:02:06 INFO  checkout-api POST /v2/checkout 200 85ms pool=in_use:2/5
2026-09-25T00:02:13 INFO  checkout-api POST /v2/checkout 200 115ms pool=in_use:4/5
2026-09-25T00:02:24 INFO  checkout-api POST /v2/checkout 200 46ms pool=in_use:2/5
2026-09-25T00:02:37 INFO  checkout-api POST /v2/checkout 200 97ms pool=in_use:2/5
2026-09-25T00:02:49 INFO  checkout-api POST /v2/checkout 200 53ms pool=in_use:4/5
2026-09-25T00:02:55 INFO  checkout-api POST /v2/checkout 200 148ms pool=in_use:1/5
2026-09-25T00:03:07 INFO  checkout-api POST /v2/checkout 200 59ms pool=in_use:2/5
2026-09-25T00:03:20 INFO  checkout-api POST /v2/checkout 200 107ms pool=in_use:2/5
2026-09-25T00:03:30 INFO  checkout-api POST /v2/checkout 200 119ms pool=in_use:1/5
2026-09-25T00:03:40 INFO  checkout-api POST /v2/checkout 200 145ms pool=in_use:1/5
2026-09-25T00:03:47 INFO  checkout-api POST /v2/checkout 200 59ms pool=in_use:1/5
2026-09-25T00:03:57 INFO  checkout-api POST /v2/checkout 200 60ms pool=in_use:3/5
2026-09-25T00:04:09 INFO  checkout-api POST /v2/checkout 200 119ms pool=in_use:1/5
2026-09-25T00:04:19 INFO  checkout-api POST /v2/checkout 200 54ms pool=in_use:4/5
2026-09-25T00:04:27 INFO  checkout-api POST /v2/checkout 200 156ms pool=in_use:1/5
2026-09-25T00:04:37 INFO  checkout-api POST /v2/checkout 200 93ms pool=in_use:3/5
2026-09-25T00:04:42 INFO  checkout-api POST /v2/checkout 200 67ms pool=in_use:3/5
2026-09-25T00:04:54 INFO  checkout-api POST /v2/checkout 200 54ms pool=in_use:4/5
2026-09-25T00:05:03 INFO  checkout-api POST /v2/checkout 200 154ms pool=in_use:4/5
2026-09-25T00:05:10 INFO  checkout-api POST /v2/checkout 200 123ms pool=in_use:2/5
2026-09-25T00:05:23 INFO  checkout-api POST /v2/checkout 200 104ms pool=in_use:1/5
2026-09-25T00:05:33 INFO  checkout-api POST /v2/checkout 200 120ms pool=in_use:3/5
2026-09-25T00:05:41 INFO  checkout-api POST /v2/checkout 200 134ms pool=in_use:3/5
2026-09-25T00:05:48 INFO  checkout-api POST /v2/checkout 200 87ms pool=in_use:1/5
2026-09-25T00:05:58 INFO  checkout-api POST /v2/checkout 200 141ms pool=in_use:4/5
2026-09-25T00:06:08 INFO  checkout-api POST /v2/checkout 200 85ms pool=in_use:4/5
2026-09-25T00:06:17 INFO  checkout-api POST /v2/checkout 200 97ms pool=in_use:1/5
2026-09-25T00:06:21 INFO  checkout-api POST /v2/checkout 200 79ms pool=in_use:1/5
2026-09-25T00:06:27 INFO  checkout-api POST /v2/checkout 200 107ms pool=in_use:4/5
2026-09-25T00:06:39 INFO  checkout-api POST /v2/checkout 200 81ms pool=in_use:4/5
2026-09-25T00:06:46 INFO  checkout-api POST /v2/checkout 200 126ms pool=in_use:1/5
2026-09-25T00:06:55 INFO  checkout-api POST /v2/checkout 200 44ms pool=in_use:3/5
2026-09-25T00:07:04 INFO  checkout-api POST /v2/checkout 200 101ms pool=in_use:2/5
2026-09-25T00:07:16 INFO  checkout-api POST /v2/checkout 200 135ms pool=in_use:4/5
2026-09-25T00:07:20 INFO  checkout-api POST /v2/checkout 200 87ms pool=in_use:4/5
2026-09-25T00:07:33 INFO  checkout-api POST /v2/checkout 200 53ms pool=in_use:1/5
2026-09-25T00:07:46 INFO  checkout-api POST /v2/checkout 200 85ms pool=in_use:2/5
2026-09-25T00:07:55 INFO  checkout-api POST /v2/checkout 200 116ms pool=in_use:3/5
2026-09-25T00:08:03 INFO  checkout-api POST /v2/checkout 200 66ms pool=in_use:1/5
2026-09-25T00:08:12 INFO  checkout-api POST /v2/checkout 200 63ms pool=in_use:4/5
2026-09-25T00:08:17 INFO  checkout-api POST /v2/checkout 200 106ms pool=in_use:3/5
2026-09-25T00:08:21 INFO  checkout-api POST /v2/checkout 200 149ms pool=in_use:1/5
2026-09-25T00:08:28 INFO  checkout-api POST /v2/checkout 200 72ms pool=in_use:3/5
2026-09-25T00:08:38 INFO  checkout-api POST /v2/checkout 200 122ms pool=in_use:3/5
2026-09-25T00:08:48 INFO  checkout-api POST /v2/checkout 200 51ms pool=in_use:3/5
2026-09-25T00:09:01 INFO  checkout-api POST /v2/checkout 200 127ms pool=in_use:1/5
2026-09-25T00:09:06 INFO  checkout-api POST /v2/checkout 200 90ms pool=in_use:2/5
2026-09-25T00:09:14 INFO  checkout-api POST /v2/checkout 200 82ms pool=in_use:1/5
2026-09-25T00:09:23 INFO  checkout-api POST /v2/checkout 200 59ms pool=in_use:2/5
2026-09-25T00:09:31 INFO  checkout-api POST /v2/checkout 200 122ms pool=in_use:3/5
2026-09-25T00:09:35 INFO  checkout-api POST /v2/checkout 200 137ms pool=in_use:4/5
2026-09-25T00:09:39 INFO  checkout-api POST /v2/checkout 200 90ms pool=in_use:1/5
2026-09-25T00:09:51 INFO  checkout-api POST /v2/checkout 200 57ms pool=in_use:3/5
2026-09-25T00:10:05 INFO  checkout-api POST /v2/checkout 200 131ms pool=in_use:1/5
2026-09-25T00:10:18 INFO  checkout-api POST /v2/checkout 200 159ms pool=in_use:2/5
2026-09-25T00:10:31 INFO  checkout-api POST /v2/checkout 200 109ms pool=in_use:1/5
2026-09-25T00:10:42 INFO  checkout-api POST /v2/checkout 200 93ms pool=in_use:3/5
2026-09-25T00:10:56 INFO  checkout-api POST /v2/checkout 200 120ms pool=in_use:1/5
2026-09-25T00:11:02 INFO  checkout-api POST /v2/checkout 200 140ms pool=in_use:1/5
2026-09-25T00:11:13 INFO  checkout-api POST /v2/checkout 200 127ms pool=in_use:2/5
2026-09-25T00:11:23 INFO  checkout-api POST /v2/checkout 200 136ms pool=in_use:4/5
2026-09-25T00:11:37 INFO  checkout-api POST /v2/checkout 200 95ms pool=in_use:1/5
2026-09-25T00:11:48 INFO  checkout-api POST /v2/checkout 200 80ms pool=in_use:1/5
2026-09-25T00:11:53 INFO  checkout-api POST /v2/checkout 200 146ms pool=in_use:3/5
2026-09-25T00:12:07 INFO  checkout-api POST /v2/checkout 200 146ms pool=in_use:1/5
2026-09-25T00:12:12 INFO  checkout-api POST /v2/checkout 200 90ms pool=in_use:3/5
2026-09-25T00:12:26 INFO  checkout-api POST /v2/checkout 200 111ms pool=in_use:1/5
2026-09-25T00:12:33 INFO  checkout-api POST /v2/checkout 200 52ms pool=in_use:4/5
2026-09-25T00:12:42 INFO  checkout-api POST /v2/checkout 200 108ms pool=in_use:2/5
2026-09-25T00:12:47 INFO  checkout-api POST /v2/checkout 200 59ms pool=in_use:3/5
2026-09-25T00:12:58 INFO  checkout-api POST /v2/checkout 200 92ms pool=in_use:1/5
2026-09-25T00:13:08 INFO  checkout-api POST /v2/checkout 200 159ms pool=in_use:4/5
2026-09-25T00:13:15 INFO  checkout-api POST /v2/checkout 200 126ms pool=in_use:4/5
2026-09-25T00:13:26 INFO  checkout-api POST /v2/checkout 200 95ms pool=in_use:4/5
2026-09-25T00:13:38 INFO  checkout-api POST /v2/checkout 200 139ms pool=in_use:4/5
2026-09-25T00:13:43 INFO  checkout-api POST /v2/checkout 200 110ms pool=in_use:2/5
2026-09-25T00:13:56 INFO  checkout-api POST /v2/checkout 200 81ms pool=in_use:2/5
2026-09-25T00:14:00 INFO  checkout-api POST /v2/checkout 200 84ms pool=in_use:2/5
2026-09-25T00:14:14 INFO  checkout-api POST /v2/checkout 200 84ms pool=in_use:4/5
2026-09-25T00:14:27 INFO  checkout-api POST /v2/checkout 200 142ms pool=in_use:4/5
2026-09-25T00:14:38 INFO  checkout-api POST /v2/checkout 200 113ms pool=in_use:4/5
2026-09-25T00:14:47 INFO  checkout-api POST /v2/checkout 200 138ms pool=in_use:2/5
2026-09-25T00:14:58 INFO  checkout-api POST /v2/checkout 200 130ms pool=in_use:4/5
2026-09-25T00:15:07 INFO  checkout-api POST /v2/checkout 200 51ms pool=in_use:4/5
2026-09-25T00:15:14 INFO  checkout-api POST /v2/checkout 200 120ms pool=in_use:3/5
2026-09-25T00:15:23 INFO  checkout-api POST /v2/checkout 200 133ms pool=in_use:4/5
2026-09-25T00:15:36 INFO  checkout-api POST /v2/checkout 200 45ms pool=in_use:3/5
2026-09-25T00:15:41 INFO  checkout-api POST /v2/checkout 200 142ms pool=in_use:3/5
2026-09-25T00:15:51 INFO  checkout-api POST /v2/checkout 200 71ms pool=in_use:2/5
2026-09-25T00:16:01 INFO  checkout-api POST /v2/checkout 200 156ms pool=in_use:1/5
2026-09-25T00:16:13 INFO  checkout-api POST /v2/checkout 200 63ms pool=in_use:4/5
2026-09-25T00:16:25 INFO  checkout-api POST /v2/checkout 200 98ms pool=in_use:4/5
2026-09-25T00:16:36 INFO  checkout-api POST /v2/checkout 200 55ms pool=in_use:2/5
2026-09-25T00:16:42 INFO  checkout-api POST /v2/checkout 200 136ms pool=in_use:1/5
2026-09-25T00:16:56 INFO  checkout-api POST /v2/checkout 200 79ms pool=in_use:2/5
2026-09-25T00:17:00 INFO  checkout-api POST /v2/checkout 200 129ms pool=in_use:3/5
2026-09-25T00:17:13 INFO  checkout-api POST /v2/checkout 200 60ms pool=in_use:4/5
2026-09-25T00:17:22 INFO  checkout-api POST /v2/checkout 200 102ms pool=in_use:2/5
2026-09-25T00:17:33 INFO  checkout-api POST /v2/checkout 200 137ms pool=in_use:3/5
2026-09-25T00:17:41 INFO  checkout-api POST /v2/checkout 200 52ms pool=in_use:2/5
2026-09-25T00:17:47 INFO  checkout-api POST /v2/checkout 200 67ms pool=in_use:2/5
2026-09-25T00:17:59 INFO  checkout-api POST /v2/checkout 200 134ms pool=in_use:3/5
2026-09-25T00:18:04 INFO  checkout-api POST /v2/checkout 200 60ms pool=in_use:2/5
2026-09-25T00:18:17 INFO  checkout-api POST /v2/checkout 200 61ms pool=in_use:3/5
2026-09-25T00:18:26 INFO  checkout-api POST /v2/checkout 200 86ms pool=in_use:1/5
2026-09-25T00:18:34 INFO  checkout-api POST /v2/checkout 200 117ms pool=in_use:3/5
2026-09-25T00:18:39 INFO  checkout-api POST /v2/checkout 200 71ms pool=in_use:3/5
2026-09-25T00:18:43 INFO  checkout-api POST /v2/checkout 200 62ms pool=in_use:3/5
2026-09-25T00:18:57 INFO  checkout-api POST /v2/checkout 200 77ms pool=in_use:3/5
2026-09-25T00:19:05 INFO  checkout-api POST /v2/checkout 200 111ms pool=in_use:2/5
2026-09-25T00:19:13 INFO  checkout-api POST /v2/checkout 200 102ms pool=in_use:1/5
2026-09-25T00:19:21 INFO  checkout-api POST /v2/checkout 200 43ms pool=in_use:3/5
2026-09-25T00:19:29 INFO  checkout-api POST /v2/checkout 200 160ms pool=in_use:2/5
2026-09-25T00:19:39 INFO  checkout-api POST /v2/checkout 200 60ms pool=in_use:2/5
2026-09-25T00:19:52 INFO  checkout-api POST /v2/checkout 200 51ms pool=in_use:2/5
2026-09-25T00:20:04 INFO  checkout-api POST /v2/checkout 200 136ms pool=in_use:3/5
2026-09-25T00:20:12 INFO  checkout-api POST /v2/checkout 200 46ms pool=in_use:4/5
2026-09-25T00:20:21 INFO  checkout-api POST /v2/checkout 200 123ms pool=in_use:2/5
2026-09-25T00:20:32 INFO  checkout-api POST /v2/checkout 200 97ms pool=in_use:3/5
2026-09-25T00:20:41 INFO  checkout-api POST /v2/checkout 200 133ms pool=in_use:2/5
2026-09-25T00:20:55 INFO  checkout-api POST /v2/checkout 200 104ms pool=in_use:3/5
2026-09-25T00:21:08 INFO  checkout-api POST /v2/checkout 200 133ms pool=in_use:3/5
2026-09-25T00:21:15 INFO  checkout-api POST /v2/checkout 200 49ms pool=in_use:1/5
2026-09-25T00:21:28 INFO  checkout-api POST /v2/checkout 200 160ms pool=in_use:1/5
2026-09-25T00:21:36 INFO  checkout-api POST /v2/checkout 200 155ms pool=in_use:1/5
2026-09-25T00:21:41 INFO  checkout-api POST /v2/checkout 200 159ms pool=in_use:1/5
2026-09-25T00:21:48 INFO  checkout-api POST /v2/checkout 200 87ms pool=in_use:3/5
2026-09-25T00:21:57 INFO  checkout-api POST /v2/checkout 200 151ms pool=in_use:2/5
2026-09-25T00:22:01 INFO  checkout-api POST /v2/checkout 200 125ms pool=in_use:1/5
2026-09-25T00:22:07 INFO  checkout-api POST /v2/checkout 200 43ms pool=in_use:4/5
2026-09-25T00:22:20 INFO  checkout-api POST /v2/checkout 200 58ms pool=in_use:1/5
2026-09-25T00:22:30 INFO  checkout-api POST /v2/checkout 200 107ms pool=in_use:2/5
2026-09-25T00:22:35 INFO  checkout-api POST /v2/checkout 200 107ms pool=in_use:3/5
2026-09-25T00:22:48 INFO  checkout-api POST /v2/checkout 200 103ms pool=in_use:2/5
2026-09-25T00:22:53 INFO  checkout-api POST /v2/checkout 200 93ms pool=in_use:2/5
2026-09-25T00:23:04 INFO  checkout-api POST /v2/checkout 200 64ms pool=in_use:1/5
2026-09-25T00:23:15 INFO  checkout-api POST /v2/checkout 200 43ms pool=in_use:1/5
2026-09-25T00:23:21 INFO  checkout-api POST /v2/checkout 200 155ms pool=in_use:3/5
2026-09-25T00:23:29 INFO  checkout-api POST /v2/checkout 200 82ms pool=in_use:2/5
2026-09-25T00:23:37 INFO  checkout-api POST /v2/checkout 200 160ms pool=in_use:2/5
2026-09-25T00:23:49 INFO  checkout-api POST /v2/checkout 200 151ms pool=in_use:2/5
2026-09-25T00:23:59 INFO  checkout-api POST /v2/checkout 200 159ms pool=in_use:1/5
2026-09-25T00:24:12 INFO  checkout-api POST /v2/checkout 200 102ms pool=in_use:3/5
2026-09-25T00:24:18 INFO  checkout-api POST /v2/checkout 200 51ms pool=in_use:2/5
2026-09-25T00:24:22 INFO  checkout-api POST /v2/checkout 200 53ms pool=in_use:1/5
2026-09-25T00:24:30 INFO  checkout-api POST /v2/checkout 200 151ms pool=in_use:3/5
2026-09-25T00:24:34 INFO  checkout-api POST /v2/checkout 200 93ms pool=in_use:1/5
2026-09-25T00:24:40 INFO  checkout-api POST /v2/checkout 200 146ms pool=in_use:2/5
2026-09-25T00:24:53 INFO  checkout-api POST /v2/checkout 200 106ms pool=in_use:1/5
2026-09-25T00:24:57 INFO  checkout-api POST /v2/checkout 200 87ms pool=in_use:1/5
2026-09-25T00:25:04 INFO  checkout-api POST /v2/checkout 200 90ms pool=in_use:2/5
2026-09-25T00:25:14 INFO  checkout-api POST /v2/checkout 200 84ms pool=in_use:3/5
2026-09-25T00:25:21 INFO  checkout-api POST /v2/checkout 200 84ms pool=in_use:4/5
2026-09-25T00:25:25 INFO  checkout-api POST /v2/checkout 200 155ms pool=in_use:2/5
2026-09-25T00:25:33 INFO  checkout-api POST /v2/checkout 200 46ms pool=in_use:3/5
2026-09-25T00:25:45 INFO  checkout-api POST /v2/checkout 200 132ms pool=in_use:3/5
2026-09-25T00:25:57 INFO  checkout-api POST /v2/checkout 200 126ms pool=in_use:3/5
2026-09-25T00:26:08 INFO  checkout-api POST /v2/checkout 200 123ms pool=in_use:2/5
2026-09-25T00:26:18 INFO  checkout-api POST /v2/checkout 200 62ms pool=in_use:2/5
2026-09-25T00:26:24 INFO  checkout-api POST /v2/checkout 200 67ms pool=in_use:3/5
2026-09-25T00:26:35 INFO  checkout-api POST /v2/checkout 200 101ms pool=in_use:2/5
2026-09-25T00:26:44 INFO  checkout-api POST /v2/checkout 200 63ms pool=in_use:2/5
2026-09-25T00:26:58 INFO  checkout-api POST /v2/checkout 200 123ms pool=in_use:3/5
2026-09-25T00:27:11 INFO  checkout-api POST /v2/checkout 200 106ms pool=in_use:3/5
2026-09-25T00:27:24 INFO  checkout-api POST /v2/checkout 200 152ms pool=in_use:1/5
2026-09-25T00:27:30 INFO  checkout-api POST /v2/checkout 200 79ms pool=in_use:2/5
2026-09-25T00:27:35 INFO  checkout-api POST /v2/checkout 200 78ms pool=in_use:3/5
2026-09-25T00:27:42 INFO  checkout-api POST /v2/checkout 200 126ms pool=in_use:1/5
2026-09-25T00:27:49 INFO  checkout-api POST /v2/checkout 200 109ms pool=in_use:1/5
2026-09-25T00:27:54 INFO  checkout-api POST /v2/checkout 200 127ms pool=in_use:2/5
2026-09-25T00:28:05 INFO  checkout-api POST /v2/checkout 200 67ms pool=in_use:1/5
2026-09-25T00:28:15 INFO  checkout-api POST /v2/checkout 200 111ms pool=in_use:2/5
2026-09-25T00:28:24 INFO  checkout-api POST /v2/checkout 200 125ms pool=in_use:3/5
2026-09-25T00:28:29 INFO  checkout-api POST /v2/checkout 200 156ms pool=in_use:1/5
2026-09-25T00:28:39 INFO  checkout-api POST /v2/checkout 200 57ms pool=in_use:4/5
2026-09-25T00:28:53 INFO  checkout-api POST /v2/checkout 200 140ms pool=in_use:2/5
2026-09-25T00:29:02 INFO  checkout-api POST /v2/checkout 200 141ms pool=in_use:2/5
2026-09-25T00:29:12 INFO  checkout-api POST /v2/checkout 200 156ms pool=in_use:3/5
2026-09-25T00:29:24 INFO  checkout-api POST /v2/checkout 200 115ms pool=in_use:1/5
2026-09-25T00:29:35 INFO  checkout-api POST /v2/checkout 200 144ms pool=in_use:1/5
2026-09-25T00:29:39 INFO  checkout-api POST /v2/checkout 200 103ms pool=in_use:1/5
2026-09-25T00:29:49 INFO  checkout-api POST /v2/checkout 200 48ms pool=in_use:4/5
2026-09-25T00:29:55 INFO  checkout-api POST /v2/checkout 200 58ms pool=in_use:1/5
